// Jest Snapshot v1, https://goo.gl/fbAQLP

exports[`ClinicianDashboard snapshot matches 1`] = `
Object {
  "asFragment": [Function],
  "baseElement": <body>
    <div>
      <div
        class="makeStyles-root-1"
      >
        <header
          class="MuiPaper-root MuiAppBar-root MuiAppBar-positionStatic MuiAppBar-colorPrimary MuiPaper-elevation4"
          style="background: rgb(6, 107, 221);"
        >
          <div
            class="MuiToolbar-root MuiToolbar-regular MuiToolbar-gutters"
          >
            <h4
              class="makeStyles-title-2"
            >
              Welcome, Clinician
               
              Test User One
            </h4>
            <button
              class="btn btn-info"
            >
              Logout
            </button>
          </div>
        </header>
        <h1
          class="text-center mt-5 mr-5 mb-4"
        >
          My Patients
        </h1>
        <div
          class="MuiGrid-root MuiGrid-container MuiGrid-spacing-xs-2 MuiGrid-align-items-xs-flex-start MuiGrid-justify-xs-center"
        >
          <div
            class="MuiGrid-root MuiGrid-item MuiGrid-grid-md-3"
          />
          <div
            class="MuiGrid-root MuiGrid-item MuiGrid-grid-md-true"
          >
            <div
              class="MuiFormControl-root MuiTextField-root form-control my-3"
              style="color: rgb(97, 218, 251);"
            >
              <label
                class="MuiFormLabel-root MuiInputLabel-root MuiInputLabel-formControl MuiInputLabel-animated"
                data-shrink="false"
              >
                Search By Name
              </label>
              <div
                class="MuiInputBase-root MuiInput-root MuiInput-underline MuiInputBase-formControl MuiInput-formControl"
              >
                <input
                  aria-invalid="false"
                  class="MuiInputBase-input MuiInput-input"
                  type="text"
                  value=""
                />
              </div>
            </div>
            <div
              class="mt-4"
            >
              <h3>
                <a
                  href="/dashboard/2"
                >
                  Test User Two
                </a>
              </h3>
            </div>
          </div>
          <div
            class="MuiGrid-root MuiGrid-item MuiGrid-grid-md-true"
          >
            <a
              href="/addPatients"
            >
              <button
                class="btn btn-primary mt-3 mr-5"
              >
                Add Patients
              </button>
            </a>
          </div>
        </div>
      </div>
    </div>
  </body>,
  "container": <div>
    <div
      class="makeStyles-root-1"
    >
      <header
        class="MuiPaper-root MuiAppBar-root MuiAppBar-positionStatic MuiAppBar-colorPrimary MuiPaper-elevation4"
        style="background: rgb(6, 107, 221);"
      >
        <div
          class="MuiToolbar-root MuiToolbar-regular MuiToolbar-gutters"
        >
          <h4
            class="makeStyles-title-2"
          >
            Welcome, Clinician
             
            Test User One
          </h4>
          <button
            class="btn btn-info"
          >
            Logout
          </button>
        </div>
      </header>
      <h1
        class="text-center mt-5 mr-5 mb-4"
      >
        My Patients
      </h1>
      <div
        class="MuiGrid-root MuiGrid-container MuiGrid-spacing-xs-2 MuiGrid-align-items-xs-flex-start MuiGrid-justify-xs-center"
      >
        <div
          class="MuiGrid-root MuiGrid-item MuiGrid-grid-md-3"
        />
        <div
          class="MuiGrid-root MuiGrid-item MuiGrid-grid-md-true"
        >
          <div
            class="MuiFormControl-root MuiTextField-root form-control my-3"
            style="color: rgb(97, 218, 251);"
          >
            <label
              class="MuiFormLabel-root MuiInputLabel-root MuiInputLabel-formControl MuiInputLabel-animated"
              data-shrink="false"
            >
              Search By Name
            </label>
            <div
              class="MuiInputBase-root MuiInput-root MuiInput-underline MuiInputBase-formControl MuiInput-formControl"
            >
              <input
                aria-invalid="false"
                class="MuiInputBase-input MuiInput-input"
                type="text"
                value=""
              />
            </div>
          </div>
          <div
            class="mt-4"
          >
            <h3>
              <a
                href="/dashboard/2"
              >
                Test User Two
              </a>
            </h3>
          </div>
        </div>
        <div
          class="MuiGrid-root MuiGrid-item MuiGrid-grid-md-true"
        >
          <a
            href="/addPatients"
          >
            <button
              class="btn btn-primary mt-3 mr-5"
            >
              Add Patients
            </button>
          </a>
        </div>
      </div>
    </div>
  </div>,
  "debug": [Function],
  "findAllByAltText": [Function],
  "findAllByDisplayValue": [Function],
  "findAllByLabelText": [Function],
  "findAllByPlaceholderText": [Function],
  "findAllByRole": [Function],
  "findAllByTestId": [Function],
  "findAllByText": [Function],
  "findAllByTitle": [Function],
  "findByAltText": [Function],
  "findByDisplayValue": [Function],
  "findByLabelText": [Function],
  "findByPlaceholderText": [Function],
  "findByRole": [Function],
  "findByTestId": [Function],
  "findByText": [Function],
  "findByTitle": [Function],
  "getAllByAltText": [Function],
  "getAllByDisplayValue": [Function],
  "getAllByLabelText": [Function],
  "getAllByPlaceholderText": [Function],
  "getAllByRole": [Function],
  "getAllByTestId": [Function],
  "getAllByText": [Function],
  "getAllByTitle": [Function],
  "getByAltText": [Function],
  "getByDisplayValue": [Function],
  "getByLabelText": [Function],
  "getByPlaceholderText": [Function],
  "getByRole": [Function],
  "getByTestId": [Function],
  "getByText": [Function],
  "getByTitle": [Function],
  "queryAllByAltText": [Function],
  "queryAllByDisplayValue": [Function],
  "queryAllByLabelText": [Function],
  "queryAllByPlaceholderText": [Function],
  "queryAllByRole": [Function],
  "queryAllByTestId": [Function],
  "queryAllByText": [Function],
  "queryAllByTitle": [Function],
  "queryByAltText": [Function],
  "queryByDisplayValue": [Function],
  "queryByLabelText": [Function],
  "queryByPlaceholderText": [Function],
  "queryByRole": [Function],
  "queryByTestId": [Function],
  "queryByText": [Function],
  "queryByTitle": [Function],
  "rerender": [Function],
  "unmount": [Function],
}
`;
