// Jest Snapshot v1, https://goo.gl/fbAQLP

exports[`PatientInfo snapshot matches 1`] = `
Object {
  "asFragment": [Function],
  "baseElement": <body>
    <div>
      <div
        class="makeStyles-root-1"
      >
        <header
          class="MuiPaper-root MuiAppBar-root MuiAppBar-positionStatic MuiAppBar-colorPrimary MuiPaper-elevation4"
          style="background: rgb(6, 107, 221);"
        >
          <div
            class="MuiToolbar-root MuiToolbar-regular MuiToolbar-gutters"
          >
            <h4
              class="makeStyles-title-2"
            >
              
               
              Test User Two
            </h4>
            <button
              class="btn btn-info"
            >
              Logout
            </button>
          </div>
        </header>
        <div
          style="width: 75%; align-items: center; margin: auto;"
        >
          <a
            href="/dashboard"
          >
             
            <button
              class="btn btn-primary mt-5"
            >
              Back
            </button>
             
          </a>
          <div
            class="mt-5"
          >
            <h2
              class="text-info mt-5"
            >
              Patient Name: 
              Test User Two
            </h2>
            <h2>
              Email Address: 
              test.user.two@gmail.com
               
            </h2>
            <h2>
              Date of Birth: 
              03/01/2000
               (
              21
               years)
            </h2>
            <h2>
              Gender: 
              Male
            </h2>
            <h4>
              Diagnostic Conclusion: 
              Lung Cancer I
            </h4>
            <div>
              <div
                style="display: inline-block;"
              >
                <h4>
                  Weight: 
                  70
                </h4>
              </div>
               
              <div
                style="display: inline-block; margin-left: 10px;"
              >
                <button
                  class="btn btn-info"
                  type="submit"
                >
                  Change Weight
                </button>
              </div>
            </div>
            <h4>
              Treatment History: 
            </h4>
            <div
              class="mb-5"
            >
              <div
                class="MuiPaper-root MuiTableContainer-root MuiPaper-elevation1 MuiPaper-rounded"
              >
                <table
                  aria-label="simple table"
                  class="MuiTable-root makeStyles-table-5"
                >
                  <thead
                    class="MuiTableHead-root"
                  >
                    <tr
                      class="MuiTableRow-root MuiTableRow-head"
                    >
                      <th
                        class="MuiTableCell-root MuiTableCell-head MuiTableCell-alignCenter"
                        scope="col"
                      >
                        Treatment Plan Description
                      </th>
                      <th
                        class="MuiTableCell-root MuiTableCell-head MuiTableCell-alignCenter"
                        scope="col"
                      >
                        Target Fluid (mL)
                      </th>
                      <th
                        class="MuiTableCell-root MuiTableCell-head MuiTableCell-alignCenter"
                        scope="col"
                      >
                        Target Energy (kcal)
                      </th>
                      <th
                        class="MuiTableCell-root MuiTableCell-head MuiTableCell-alignCenter"
                        scope="col"
                      >
                        Modified On
                      </th>
                    </tr>
                  </thead>
                  <tbody
                    class="MuiTableBody-root"
                  >
                    <tr
                      class="MuiTableRow-root"
                      style="overflow: scroll;"
                    >
                      <td
                        class="MuiTableCell-root MuiTableCell-body MuiTableCell-alignCenter"
                      >
                        test
                      </td>
                      <td
                        class="MuiTableCell-root MuiTableCell-body MuiTableCell-alignCenter"
                      >
                        1.5
                      </td>
                      <td
                        class="MuiTableCell-root MuiTableCell-body MuiTableCell-alignCenter"
                      >
                        2.5
                      </td>
                      <td
                        class="MuiTableCell-root MuiTableCell-body MuiTableCell-alignCenter"
                      >
                        2020-05-05 20:20:20
                      </td>
                    </tr>
                  </tbody>
                </table>
              </div>
            </div>
          </div>
        </div>
      </div>
    </div>
  </body>,
  "container": <div>
    <div
      class="makeStyles-root-1"
    >
      <header
        class="MuiPaper-root MuiAppBar-root MuiAppBar-positionStatic MuiAppBar-colorPrimary MuiPaper-elevation4"
        style="background: rgb(6, 107, 221);"
      >
        <div
          class="MuiToolbar-root MuiToolbar-regular MuiToolbar-gutters"
        >
          <h4
            class="makeStyles-title-2"
          >
            
             
            Test User Two
          </h4>
          <button
            class="btn btn-info"
          >
            Logout
          </button>
        </div>
      </header>
      <div
        style="width: 75%; align-items: center; margin: auto;"
      >
        <a
          href="/dashboard"
        >
           
          <button
            class="btn btn-primary mt-5"
          >
            Back
          </button>
           
        </a>
        <div
          class="mt-5"
        >
          <h2
            class="text-info mt-5"
          >
            Patient Name: 
            Test User Two
          </h2>
          <h2>
            Email Address: 
            test.user.two@gmail.com
             
          </h2>
          <h2>
            Date of Birth: 
            03/01/2000
             (
            21
             years)
          </h2>
          <h2>
            Gender: 
            Male
          </h2>
          <h4>
            Diagnostic Conclusion: 
            Lung Cancer I
          </h4>
          <div>
            <div
              style="display: inline-block;"
            >
              <h4>
                Weight: 
                70
              </h4>
            </div>
             
            <div
              style="display: inline-block; margin-left: 10px;"
            >
              <button
                class="btn btn-info"
                type="submit"
              >
                Change Weight
              </button>
            </div>
          </div>
          <h4>
            Treatment History: 
          </h4>
          <div
            class="mb-5"
          >
            <div
              class="MuiPaper-root MuiTableContainer-root MuiPaper-elevation1 MuiPaper-rounded"
            >
              <table
                aria-label="simple table"
                class="MuiTable-root makeStyles-table-5"
              >
                <thead
                  class="MuiTableHead-root"
                >
                  <tr
                    class="MuiTableRow-root MuiTableRow-head"
                  >
                    <th
                      class="MuiTableCell-root MuiTableCell-head MuiTableCell-alignCenter"
                      scope="col"
                    >
                      Treatment Plan Description
                    </th>
                    <th
                      class="MuiTableCell-root MuiTableCell-head MuiTableCell-alignCenter"
                      scope="col"
                    >
                      Target Fluid (mL)
                    </th>
                    <th
                      class="MuiTableCell-root MuiTableCell-head MuiTableCell-alignCenter"
                      scope="col"
                    >
                      Target Energy (kcal)
                    </th>
                    <th
                      class="MuiTableCell-root MuiTableCell-head MuiTableCell-alignCenter"
                      scope="col"
                    >
                      Modified On
                    </th>
                  </tr>
                </thead>
                <tbody
                  class="MuiTableBody-root"
                >
                  <tr
                    class="MuiTableRow-root"
                    style="overflow: scroll;"
                  >
                    <td
                      class="MuiTableCell-root MuiTableCell-body MuiTableCell-alignCenter"
                    >
                      test
                    </td>
                    <td
                      class="MuiTableCell-root MuiTableCell-body MuiTableCell-alignCenter"
                    >
                      1.5
                    </td>
                    <td
                      class="MuiTableCell-root MuiTableCell-body MuiTableCell-alignCenter"
                    >
                      2.5
                    </td>
                    <td
                      class="MuiTableCell-root MuiTableCell-body MuiTableCell-alignCenter"
                    >
                      2020-05-05 20:20:20
                    </td>
                  </tr>
                </tbody>
              </table>
            </div>
          </div>
        </div>
      </div>
    </div>
  </div>,
  "debug": [Function],
  "findAllByAltText": [Function],
  "findAllByDisplayValue": [Function],
  "findAllByLabelText": [Function],
  "findAllByPlaceholderText": [Function],
  "findAllByRole": [Function],
  "findAllByTestId": [Function],
  "findAllByText": [Function],
  "findAllByTitle": [Function],
  "findByAltText": [Function],
  "findByDisplayValue": [Function],
  "findByLabelText": [Function],
  "findByPlaceholderText": [Function],
  "findByRole": [Function],
  "findByTestId": [Function],
  "findByText": [Function],
  "findByTitle": [Function],
  "getAllByAltText": [Function],
  "getAllByDisplayValue": [Function],
  "getAllByLabelText": [Function],
  "getAllByPlaceholderText": [Function],
  "getAllByRole": [Function],
  "getAllByTestId": [Function],
  "getAllByText": [Function],
  "getAllByTitle": [Function],
  "getByAltText": [Function],
  "getByDisplayValue": [Function],
  "getByLabelText": [Function],
  "getByPlaceholderText": [Function],
  "getByRole": [Function],
  "getByTestId": [Function],
  "getByText": [Function],
  "getByTitle": [Function],
  "queryAllByAltText": [Function],
  "queryAllByDisplayValue": [Function],
  "queryAllByLabelText": [Function],
  "queryAllByPlaceholderText": [Function],
  "queryAllByRole": [Function],
  "queryAllByTestId": [Function],
  "queryAllByText": [Function],
  "queryAllByTitle": [Function],
  "queryByAltText": [Function],
  "queryByDisplayValue": [Function],
  "queryByLabelText": [Function],
  "queryByPlaceholderText": [Function],
  "queryByRole": [Function],
  "queryByTestId": [Function],
  "queryByText": [Function],
  "queryByTitle": [Function],
  "rerender": [Function],
  "unmount": [Function],
}
`;
