// Jest Snapshot v1, https://goo.gl/fbAQLP

exports[`TreatmentHistory snapshot matches 1`] = `
Object {
  "asFragment": [Function],
  "baseElement": <body>
    <div>
      <div
        class="MuiPaper-root MuiTableContainer-root MuiPaper-elevation1 MuiPaper-rounded"
      >
        <table
          aria-label="simple table"
          class="MuiTable-root makeStyles-table-1"
        >
          <thead
            class="MuiTableHead-root"
          >
            <tr
              class="MuiTableRow-root MuiTableRow-head"
            >
              <th
                class="MuiTableCell-root MuiTableCell-head MuiTableCell-alignCenter"
                scope="col"
              >
                Treatment Plan Description
              </th>
              <th
                class="MuiTableCell-root MuiTableCell-head MuiTableCell-alignCenter"
                scope="col"
              >
                Target Fluid (ml^3)
              </th>
              <th
                class="MuiTableCell-root MuiTableCell-head MuiTableCell-alignCenter"
                scope="col"
              >
                Target Energy (kcal)
              </th>
              <th
                class="MuiTableCell-root MuiTableCell-head MuiTableCell-alignCenter"
                scope="col"
              >
                Modified On
              </th>
            </tr>
          </thead>
          <tbody
            class="MuiTableBody-root"
          >
            <tr
              class="MuiTableRow-root"
              style="overflow: scroll;"
            >
              <td
                class="MuiTableCell-root MuiTableCell-body MuiTableCell-alignCenter"
              >
                test
              </td>
              <td
                class="MuiTableCell-root MuiTableCell-body MuiTableCell-alignCenter"
              >
                1.5
              </td>
              <td
                class="MuiTableCell-root MuiTableCell-body MuiTableCell-alignCenter"
              >
                2.5
              </td>
              <td
                class="MuiTableCell-root MuiTableCell-body MuiTableCell-alignCenter"
              >
                2020-05-05 20:20:20
              </td>
            </tr>
          </tbody>
        </table>
      </div>
    </div>
  </body>,
  "container": <div>
    <div
      class="MuiPaper-root MuiTableContainer-root MuiPaper-elevation1 MuiPaper-rounded"
    >
      <table
        aria-label="simple table"
        class="MuiTable-root makeStyles-table-1"
      >
        <thead
          class="MuiTableHead-root"
        >
          <tr
            class="MuiTableRow-root MuiTableRow-head"
          >
            <th
              class="MuiTableCell-root MuiTableCell-head MuiTableCell-alignCenter"
              scope="col"
            >
              Treatment Plan Description
            </th>
            <th
              class="MuiTableCell-root MuiTableCell-head MuiTableCell-alignCenter"
              scope="col"
            >
              Target Fluid (ml^3)
            </th>
            <th
              class="MuiTableCell-root MuiTableCell-head MuiTableCell-alignCenter"
              scope="col"
            >
              Target Energy (kcal)
            </th>
            <th
              class="MuiTableCell-root MuiTableCell-head MuiTableCell-alignCenter"
              scope="col"
            >
              Modified On
            </th>
          </tr>
        </thead>
        <tbody
          class="MuiTableBody-root"
        >
          <tr
            class="MuiTableRow-root"
            style="overflow: scroll;"
          >
            <td
              class="MuiTableCell-root MuiTableCell-body MuiTableCell-alignCenter"
            >
              test
            </td>
            <td
              class="MuiTableCell-root MuiTableCell-body MuiTableCell-alignCenter"
            >
              1.5
            </td>
            <td
              class="MuiTableCell-root MuiTableCell-body MuiTableCell-alignCenter"
            >
              2.5
            </td>
            <td
              class="MuiTableCell-root MuiTableCell-body MuiTableCell-alignCenter"
            >
              2020-05-05 20:20:20
            </td>
          </tr>
        </tbody>
      </table>
    </div>
  </div>,
  "debug": [Function],
  "findAllByAltText": [Function],
  "findAllByDisplayValue": [Function],
  "findAllByLabelText": [Function],
  "findAllByPlaceholderText": [Function],
  "findAllByRole": [Function],
  "findAllByTestId": [Function],
  "findAllByText": [Function],
  "findAllByTitle": [Function],
  "findByAltText": [Function],
  "findByDisplayValue": [Function],
  "findByLabelText": [Function],
  "findByPlaceholderText": [Function],
  "findByRole": [Function],
  "findByTestId": [Function],
  "findByText": [Function],
  "findByTitle": [Function],
  "getAllByAltText": [Function],
  "getAllByDisplayValue": [Function],
  "getAllByLabelText": [Function],
  "getAllByPlaceholderText": [Function],
  "getAllByRole": [Function],
  "getAllByTestId": [Function],
  "getAllByText": [Function],
  "getAllByTitle": [Function],
  "getByAltText": [Function],
  "getByDisplayValue": [Function],
  "getByLabelText": [Function],
  "getByPlaceholderText": [Function],
  "getByRole": [Function],
  "getByTestId": [Function],
  "getByText": [Function],
  "getByTitle": [Function],
  "queryAllByAltText": [Function],
  "queryAllByDisplayValue": [Function],
  "queryAllByLabelText": [Function],
  "queryAllByPlaceholderText": [Function],
  "queryAllByRole": [Function],
  "queryAllByTestId": [Function],
  "queryAllByText": [Function],
  "queryAllByTitle": [Function],
  "queryByAltText": [Function],
  "queryByDisplayValue": [Function],
  "queryByLabelText": [Function],
  "queryByPlaceholderText": [Function],
  "queryByRole": [Function],
  "queryByTestId": [Function],
  "queryByText": [Function],
  "queryByTitle": [Function],
  "rerender": [Function],
  "unmount": [Function],
}
`;
